// Jest Snapshot v1, https://goo.gl/fbAQLP

exports[`<FastImage /> Renders Fast Image correctly 1`] = `
<View
  style={
    Array [
      Object {
        "overflow": "hidden",
      },
      Object {},
    ]
  }
>
  <FastImageView
    resizeMode="cover"
    source={
      Object {
        "cache": "immutable",
        "headers": Object {
          "Authorization": "4f298a53e552283bee957836a529baec",
        },
        "priority": "normal",
        "uri": "test.png",
      }
    }
    style={
      Object {
        "bottom": 0,
        "left": 0,
        "position": "absolute",
        "right": 0,
        "top": 0,
      }
    }
  />
</View>
`;
