// Jest Snapshot v1, https://goo.gl/fbAQLP

exports[`<TrackCard /> Renders TrackCard correctly 1`] = `
<View
  accessible={true}
  collapsable={false}
  focusable={true}
  onBlur={[Function]}
  onClick={[Function]}
  onFocus={[Function]}
  onResponderGrant={[Function]}
  onResponderMove={[Function]}
  onResponderRelease={[Function]}
  onResponderTerminate={[Function]}
  onResponderTerminationRequest={[Function]}
  onStartShouldSetResponder={[Function]}
  style={
    Object {
      "marginStart": 37.5,
    }
  }
>
  <View
    style={
      Array [
        Object {
          "backgroundColor": "#F7F7F9",
        },
        Object {
          "alignSelf": "center",
          "borderRadius": 22.5,
          "marginBottom": 30,
          "width": 199,
        },
      ]
    }
  >
    <View
      style={
        Array [
          Object {
            "backgroundColor": "#C1C6C7",
          },
          Object {
            "alignItems": "center",
            "borderTopLeftRadius": 22.5,
            "borderTopRightRadius": 22.5,
            "height": 191.5,
            "justifyContent": "center",
            "width": 199,
          },
        ]
      }
    >
      <Text
        allowFontScaling={false}
        style={
          Array [
            Object {
              "color": undefined,
              "fontSize": 30,
            },
            undefined,
            Object {
              "fontFamily": "Ionicons",
              "fontStyle": "normal",
              "fontWeight": "normal",
            },
            Object {},
          ]
        }
      >
        Ôêñ
      </Text>
    </View>
    <View
      style={
        Array [
          Object {
            "backgroundColor": "#F7F7F9",
          },
          Object {
            "marginLeft": 15,
            "paddingVertical": 22.5,
          },
        ]
      }
    >
      <Text
        numberOfLines={1}
        style={
          Array [
            Object {
              "color": "#334443",
              "fontFamily": "Roboto",
              "fontWeight": "700",
              "textAlign": "left",
            },
            Object {
              "fontSize": 19,
              "maxWidth": 300,
              "width": 193.5,
            },
          ]
        }
      >
        track name
      </Text>
    </View>
  </View>
</View>
`;
